≡ƒöî Connecting to MongoDB...
node : (node:17796) 
[MONGOOSE] Warning: 
Duplicate schema 
index on {"code":1} 
found. This is often 
due to declaring an 
index using both 
"index: true" and 
"schema.index()". 
Please remove the 
duplicate index 
definition.
At line:1 char:1
+ node 
test_stock_logic.js 
> test_output.txt 
2>&1
+ ~~~~~~~~~~~~~~~~~~~
~~~~~~~~~~~~~~~~~~~~~
~~~~~~~
    + CategoryInfo   
           : NotSpe  
  cified: ((node:1   
 7796) [M...dex d    
efinition.:Strin    
g) [], RemoteExc    
eption
    + FullyQualified 
   ErrorId : Native  
  CommandError
 
(Use `node 
--trace-warnings 
...` to show where 
the warning was 
created)
Γ£à Connected.

≡ƒÅ¡ Creating/Finding Test Warehouse...
Γ¥î Test Failed: 
Error: Warehouse 
validation failed: 
capacity.unit: `kg` 
is not a valid enum 
value for path 
`capacity.unit`.
    at ValidationErro
r.inspect (C:\Users\m
alir\OneDrive\Desktop
\FloorMillManagementS
ystem\server\node_mod
ules\mongoose\lib\err
or\validation.js:52:2
6)
    at formatValue (n
ode:internal/util/ins
pect:850:19)
    at inspect (node:
internal/util/inspect
:387:10)
    at formatWithOpti
onsInternal (node:int
ernal/util/inspect:23
66:40)
    at 
formatWithOptions (no
de:internal/util/insp
ect:2228:10)
    at console.value 
(node:internal/consol
e/constructor:345:14)
    at console.error 
(node:internal/consol
e/constructor:412:61)
    at runTest (file:
///C:/Users/malir/One
Drive/Desktop/FloorMi
llManagementSystem/se
rver/test_stock_logic
.js:126:17)
    at process.proces
sTicksAndRejections (
node:internal/process
/task_queues:105:5) {
  errors: {
    'capacity.unit': 
ValidatorError: `kg` 
is not a valid enum 
value for path 
`capacity.unit`.
        at validate (
C:\Users\malir\OneDri
ve\Desktop\FloorMillM
anagementSystem\serve
r\node_modules\mongoo
se\lib\schemaType.js:
1404:13)
        at SchemaType
.doValidate (C:\Users
\malir\OneDrive\Deskt
op\FloorMillManagemen
tSystem\server\node_m
odules\mongoose\lib\s
chemaType.js:1388:7)
        at C:\Users\m
alir\OneDrive\Desktop
\FloorMillManagementS
ystem\server\node_mod
ules\mongoose\lib\doc
ument.js:3104:18
        at process.pr
ocessTicksAndRejectio
ns (node:internal/pro
cess/task_queues:85:1
1) {
      properties: 
[Object],
      kind: 'enum',
      path: 
'capacity.unit',
      value: 'kg',
      reason: 
undefined,
      [Symbol(mongoos
e#validatorError)]: 
true
    }
  },
  _message: 
'Warehouse 
validation failed'
}

≡ƒæï Disconnected.
